Fri Aug 28 13:49:04 UTC 2026
commit: b361770f46bc09457f021d898c6aba76e8cd1e8c
run by: a later session (not the attempt-3 agent), host only
2026-08-28 13:49:27.395 | DEBUG    | ttnn:<module>:78 - Initial ttnn.CONFIG:
Config{cache_path=/home/ctr-apbernal/.cache/ttnn,model_cache_path=/home/ctr-apbernal/.cache/ttnn/models,tmp_dir=/tmp/ttnn,enable_model_cache=false,enable_fast_runtime_mode=true,throw_exception_on_fallback=false,enable_logging=false,enable_graph_report=false,enable_graph_python_stack_traces=false,enable_detailed_buffer_report=false,enable_detailed_tensor_report=false,enable_comparison_mode=false,comparison_mode_should_raise_exception=false,comparison_mode_pcc=0.9999,root_report_path=generated/ttnn/reports,report_name=std::nullopt,std::nullopt}
============================= test session starts ==============================
platform linux -- Python 3.10.21, pytest-9.0.3, pluggy-1.6.0 -- /proj_sw/user_dev/ctr-apbernal/tt-metal/python_env/bin/python
benchmark: 5.2.3 (defaults: timer=time.perf_counter disable_gc=False min_rounds=5 min_time=0.000005 max_time=1.0 calibration_precision=10 warmup=False warmup_iterations=100000)
rootdir: /proj_sw/user_dev/ctr-apbernal/tt-metal
configfile: pytest.ini
plugins: cov-7.0.0, dash-2.15.0, benchmark-5.2.3, repeat-0.9.4, anyio-4.14.2, timeout-2.4.0, github-actions-annotate-failures-0.3.0, split-0.11.0
timeout: 300.0s
timeout method: signal
timeout func_only: False
collecting ... collected 1 item

models/common/tests/models/llama33_70b_galaxy/test_step7_coverage_wh_galaxy.py::test_llama_two_paged_pools_agree_across_processes [pool] comparing 2048-block against 4096-block, block_size 32
[pool] all 32 slots agree at PCC >= 0.99 for prefill and decode
PASSED

=============================== warnings summary ===============================
<frozen importlib._bootstrap>:241
  <frozen importlib._bootstrap>:241: DeprecationWarning: builtin type SwigPyPacked has no __module__ attribute

<frozen importlib._bootstrap>:241
  <frozen importlib._bootstrap>:241: DeprecationWarning: builtin type SwigPyObject has no __module__ attribute

-- Docs: https://docs.pytest.org/en/stable/how-to/capture-warnings.html
==================================== PASSES ====================================
- generated xml file: /proj_sw/user_dev/ctr-apbernal/tt-metal/generated/test_reports/most_recent_tests.xml -
============================= slowest 25 durations =============================
0.19s setup    models/common/tests/models/llama33_70b_galaxy/test_step7_coverage_wh_galaxy.py::test_llama_two_paged_pools_agree_across_processes
0.15s call     models/common/tests/models/llama33_70b_galaxy/test_step7_coverage_wh_galaxy.py::test_llama_two_paged_pools_agree_across_processes
0.00s teardown models/common/tests/models/llama33_70b_galaxy/test_step7_coverage_wh_galaxy.py::test_llama_two_paged_pools_agree_across_processes
=========================== short test summary info ============================
PASSED models/common/tests/models/llama33_70b_galaxy/test_step7_coverage_wh_galaxy.py::test_llama_two_paged_pools_agree_across_processes
======================== 1 passed, 2 warnings in 7.85s =========================
sys:1: DeprecationWarning: builtin type swigvarlink has no __module__ attribute
exit=0
